// Jest Snapshot v1, https://goo.gl/fbAQLP

exports[`renders correctly 1`] = `
<View
  style={
    Object {
      "alignItems": "center",
      "display": "flex",
      "paddingBottom": 10,
      "paddingTop": 55,
      "shadowColor": "#000000",
      "shadowOffset": Object {
        "height": 1,
        "width": 0,
      },
      "shadowOpacity": 0.6,
      "zIndex": 10,
    }
  }
>
  <Text
    accessible={true}
    allowFontScaling={true}
    disabled={false}
    ellipsizeMode="tail"
    style={
      Object {
        "fontSize": 20,
        "fontWeight": "bold",
      }
    }
  >
    Cryptocurrency
  </Text>
</View>
`;
